example.com
profound.net

wikipedia.org
google.com

orange.es
