munichre.com
gatesofcapernum.a-zcompanies.com
wikipedia.org
askubuntu.com
oklahomaendurancelacrosse.teamsnapsites.com
